// 重构日志: 65debc78
// 同步 ID: 8b401c4f @ Tue Jul 21 16:56:07 UTC 2026
// 同步 ID: ca2187f1 @ Wed Jul 22 05:34:47 UTC 2026
// 重构日志: a26a8c54
// 同步 ID: ea69c4c6 @ Thu Jul 23 11:18:19 UTC 2026
// 重构日志: 5e54ade6
// 同步 ID: 2a82eb04 @ Fri Jul 24 12:43:37 UTC 2026
// 重构日志: c1fd81d7
// 同步 ID: f9a8c4d9 @ Sat Jul 25 17:20:27 UTC 2026
// 重构日志: e97b67b7
// 同步 ID: c23834e7 @ Mon Jul 27 09:02:20 UTC 2026
// 同步 ID: 469aed7f @ Mon Jul 27 13:22:04 UTC 2026
// 同步 ID: 0cd279b5 @ Thu Jul 30 01:38:48 UTC 2026
// 同步 ID: 1c12b0bd @ Thu Jul 30 07:21:37 UTC 2026
// 同步 ID: e8c3da9e @ Thu Jul 30 15:25:03 UTC 2026
// 重构日志: 25c1a102
// 重构日志: 50f9eb5a
// 同步 ID: ba4034e2 @ Sat Aug  1 08:04:15 UTC 2026
// 重构日志: 0777cc50
// 同步 ID: 66e4b03f @ Sat Aug  1 14:31:47 UTC 2026
// 重构日志: dcc699e0
// 同步 ID: e9531f85 @ Sun Aug  2 08:02:30 UTC 2026
// 重构日志: 68ca54db
// 重构日志: 786126c9
// 同步 ID: cf2656a3 @ Sun Aug  2 14:37:26 UTC 2026
// 重构日志: 7fd10fa9
// 同步 ID: 54ca909d @ Mon Aug  3 13:03:21 UTC 2026
// 重构日志: 6bfaa76a
// 重构日志: e97937f3
// 同步 ID: dd5bda11 @ Tue Aug  4 11:04:09 UTC 2026
